nohup: ignoring input
Server running on http://localhost:3000
[0mHEAD /api-docs/ [32m200[0m 7.303 ms - 3106[0m
[0mGET /admin_login [33m404[0m 1.779 ms - 150[0m
[0mGET /api-docs [36m301[0m 3.273 ms - 158[0m
[0mGET /api-docs/ [32m200[0m 0.693 ms - 3106[0m
[0mGET /api-docs/swagger-ui-init.js [32m200[0m 0.243 ms - 4769[0m
[0mGET /api-docs/swagger-ui.css [32m200[0m 4.089 ms - 177183[0m
[0mGET /api-docs/swagger-ui-standalone-preset.js [32m200[0m 5.065 ms - 252451[0m
[0mGET /api-docs/swagger-ui-bundle.js [32m200[0m 3.912 ms - 1510271[0m
[0mGET /api-docs/favicon-32x32.png [32m200[0m 2.033 ms - 628[0m
[0mGET /api-docs/favicon-32x32.png [36m304[0m 1.068 ms - -[0m
[0mGET /api-docs/ [36m304[0m 1.036 ms - -[0m
[0mGET /api-docs/swagger-ui.css [36m304[0m 1.625 ms - -[0m
[0mGET /api-docs/swagger-ui-bundle.js [36m304[0m 1.593 ms - -[0m
[0mGET /api-docs/swagger-ui-standalone-preset.js [36m304[0m 0.413 ms - -[0m
[0mGET /api-docs/swagger-ui-init.js [36m304[0m 0.223 ms - -[0m
[0mGET /api-docs/favicon-32x32.png [36m304[0m 1.298 ms - -[0m
[0mGET /api-docs/favicon-32x32.png [36m304[0m 1.189 ms - -[0m
[0mGET /api-docs/ [36m304[0m 1.508 ms - -[0m
[0mGET /api-docs/swagger-ui-init.js [36m304[0m 0.274 ms - -[0m
[0mGET /api-docs/swagger-ui.css [36m304[0m 1.896 ms - -[0m
[0mGET /api-docs/swagger-ui-bundle.js [36m304[0m 1.811 ms - -[0m
[0mGET /api-docs/swagger-ui-standalone-preset.js [36m304[0m 1.805 ms - -[0m
[0mGET /api-docs/favicon-32x32.png [36m304[0m 0.636 ms - -[0m
[0mGET /api-docs/favicon-32x32.png [36m304[0m 0.785 ms - -[0m
[0mGET /api-docs/ [36m304[0m 0.969 ms - -[0m
[0mGET /api-docs/swagger-ui.css [36m304[0m 0.571 ms - -[0m
[0mGET /api-docs/swagger-ui-bundle.js [36m304[0m 0.814 ms - -[0m
[0mGET /api-docs/swagger-ui-standalone-preset.js [36m304[0m 0.864 ms - -[0m
[0mGET /api-docs/swagger-ui-init.js [36m304[0m 0.389 ms - -[0m
[0mGET /api-docs/favicon-32x32.png [36m304[0m 0.965 ms - -[0m
[0mGET /api-docs/favicon-32x32.png [36m304[0m 0.766 ms - -[0m
[0mGET /api-docs/ [36m304[0m 0.543 ms - -[0m
[0mGET /api-docs/swagger-ui.css [36m304[0m 0.399 ms - -[0m
[0mGET /api-docs/swagger-ui-init.js [36m304[0m 0.211 ms - -[0m
[0mGET /api-docs/swagger-ui-bundle.js [36m304[0m 1.583 ms - -[0m
[0mGET /api-docs/swagger-ui-standalone-preset.js [36m304[0m 1.527 ms - -[0m
[0mGET /api-docs/favicon-32x32.png [36m304[0m 0.401 ms - -[0m
[0mGET /api-docs/favicon-32x32.png [36m304[0m 0.394 ms - -[0m
